[INFO] Scanning for projects...
[INFO] 
[INFO] -----------------------< com.danielh:rocket-app >-----------------------
[INFO] Building rocket-app 1.0-SNAPSHOT
[INFO]   from pom.xml
[INFO] --------------------------------[ jar ]---------------------------------
[INFO] 
[INFO] --- clean:3.1.0:clean (default-clean) @ rocket-app ---
[INFO] Deleting C:\Users\Daniel\rocket-app\target
[INFO] 
[INFO] --- resources:3.0.2:resources (default-resources) @ rocket-app ---
[INFO] Using 'UTF-8' encoding to copy filtered resources.
[INFO] Copying 1 resource
[INFO] 
[INFO] --- compiler:3.8.0:compile (default-compile) @ rocket-app ---
[INFO] Changes detected - recompiling the module!
[INFO] Compiling 3 source files to C:\Users\Daniel\rocket-app\target\classes
[INFO] /C:/Users/Daniel/rocket-app/src/main/java/com/danielh/RocketOptimizer.java: C:\Users\Daniel\rocket-app\src\main\java\com\danielh\RocketOptimizer.java uses unchecked or unsafe operations.
[INFO] /C:/Users/Daniel/rocket-app/src/main/java/com/danielh/RocketOptimizer.java: Recompile with -Xlint:unchecked for details.
[INFO] 
[INFO] --- resources:3.0.2:testResources (default-testResources) @ rocket-app ---
[INFO] Using 'UTF-8' encoding to copy filtered resources.
[INFO] skip non existing resourceDirectory C:\Users\Daniel\rocket-app\src\test\resources
[INFO] 
[INFO] --- compiler:3.8.0:testCompile (default-testCompile) @ rocket-app ---
[INFO] Changes detected - recompiling the module!
[INFO] Compiling 1 source file to C:\Users\Daniel\rocket-app\target\test-classes
[INFO] 
[INFO] --- surefire:2.22.1:test (default-test) @ rocket-app ---
[INFO] Tests are skipped.
[INFO] 
[INFO] --- jar:3.0.2:jar (default-jar) @ rocket-app ---
[INFO] Building jar: C:\Users\Daniel\rocket-app\target\rocket-app-1.0-SNAPSHOT.jar
[INFO] ------------------------------------------------------------------------
[INFO] BUILD SUCCESS
[INFO] ------------------------------------------------------------------------
[INFO] Total time:  2.259 s
[INFO] Finished at: 2026-04-17T10:26:20+12:00
[INFO] ------------------------------------------------------------------------
